2026-02-25 14:56:51.384 INFO  [main] com.alibaba.nacos.client.utils.ParamUtil - [settings] [req-serv] nacos-server port:8848
2026-02-25 14:56:51.391 INFO  [main] com.alibaba.nacos.client.utils.ParamUtil - [settings] [http-client] connect timeout:1000
2026-02-25 14:56:51.393 INFO  [main] com.alibaba.nacos.client.utils.ParamUtil - PER_TASK_CONFIG_SIZE: 3000.0
2026-02-25 14:56:51.445 INFO  [Thread-2] c.a.n.client.auth.ram.identify.CredentialWatcher - null No credential found
2026-02-25 14:56:51.466 INFO  [main] com.alibaba.nacos.common.labels - DefaultLabelsCollectorManager get labels.....
2026-02-25 14:56:51.467 INFO  [main] com.alibaba.nacos.common.labels - Process LabelsCollector with [name:defaultNacosLabelsCollector]
2026-02-25 14:56:51.468 INFO  [main] com.alibaba.nacos.common.labels - default nacos collect properties raw labels: null
2026-02-25 14:56:51.470 INFO  [main] com.alibaba.nacos.common.labels - default nacos collect properties labels: {}
2026-02-25 14:56:51.470 INFO  [main] com.alibaba.nacos.common.labels - default nacos collect jvm raw labels: null
2026-02-25 14:56:51.471 INFO  [main] com.alibaba.nacos.common.labels - default nacos collect jvm labels: {}
2026-02-25 14:56:51.471 INFO  [main] com.alibaba.nacos.common.labels - default nacos collect env raw labels: null
2026-02-25 14:56:51.472 INFO  [main] com.alibaba.nacos.common.labels - default nacos collect env labels: {}
2026-02-25 14:56:51.473 INFO  [main] com.alibaba.nacos.common.labels - DefaultLabelsCollectorManager get labels finished,labels :{}
2026-02-25 14:56:51.481 INFO  [main] c.a.n.p.auth.spi.client.ClientAuthPluginManager - [ClientAuthPluginManager] Load ClientAuthService com.alibaba.nacos.client.auth.impl.NacosClientAuthServiceImpl success.
2026-02-25 14:56:51.481 INFO  [main] c.a.n.p.auth.spi.client.ClientAuthPluginManager - [ClientAuthPluginManager] Load ClientAuthService com.alibaba.nacos.client.auth.ram.RamClientAuthServiceImpl success.
2026-02-25 14:56:51.494 INFO  [main] c.a.n.client.config.impl.LocalConfigInfoProcessor - LOCAL_SNAPSHOT_PATH:C:\Users\ForeverEmpty\nacos\config
2026-02-25 14:56:51.500 INFO  [main] com.alibaba.nacos.common.remote.client - [RpcClientFactory] create a new rpc client of 0d832a85-7c6a-40fa-9e1e-9862771ebb6a_config-0
2026-02-25 14:56:51.525 INFO  [main] com.alibaba.nacos.common.remote.client - [0d832a85-7c6a-40fa-9e1e-9862771ebb6a_config-0] Register server push request handler:com.alibaba.nacos.client.config.impl.ClientWorker$ConfigRpcTransportClient$$Lambda/0x0000021d013ace20
2026-02-25 14:56:51.526 INFO  [main] com.alibaba.nacos.common.remote.client - [0d832a85-7c6a-40fa-9e1e-9862771ebb6a_config-0] Register server push request handler:com.alibaba.nacos.client.config.impl.ClientWorker$ConfigRpcTransportClient$$Lambda/0x0000021d013ad230
2026-02-25 14:56:51.528 INFO  [main] com.alibaba.nacos.common.remote.client - [0d832a85-7c6a-40fa-9e1e-9862771ebb6a_config-0] Registry connection listener to current client:com.alibaba.nacos.client.config.impl.ClientWorker$ConfigRpcTransportClient$1
2026-02-25 14:56:51.529 INFO  [main] com.alibaba.nacos.common.remote.client - [0d832a85-7c6a-40fa-9e1e-9862771ebb6a_config-0] RpcClient init, ServerListFactory = com.alibaba.nacos.client.config.impl.ClientWorker$ConfigRpcTransportClient$2
2026-02-25 14:56:51.538 INFO  [main] com.alibaba.nacos.common.remote.client - [0d832a85-7c6a-40fa-9e1e-9862771ebb6a_config-0] Try to connect to server on start up, server: {serverIp = '127.0.0.1', server main port = 8848}
2026-02-25 14:56:51.597 INFO  [main] c.a.nacos.common.remote.client.grpc.GrpcClient - grpc client connection server:127.0.0.1 ip,serverPort:9848,grpcTslConfig:{"sslProvider":"","enableTls":false,"mutualAuthEnable":false,"trustAll":false}
2026-02-25 14:56:52.562 INFO  [main] c.a.n.common.ability.AbstractAbilityControlManager - Ready to get current node abilities...
2026-02-25 14:56:52.564 INFO  [main] c.a.n.common.ability.AbstractAbilityControlManager - Ready to initialize current node abilities, support modes: [SDK_CLIENT]
2026-02-25 14:56:52.566 INFO  [main] c.a.n.common.ability.AbstractAbilityControlManager - Initialize current abilities finish...
2026-02-25 14:56:52.568 INFO  [main] c.a.n.c.ability.discover.NacosAbilityManagerHolder - [AbilityControlManager] Successfully initialize AbilityControlManager
2026-02-25 14:56:52.684 INFO  [main] com.alibaba.nacos.common.remote.client - [0d832a85-7c6a-40fa-9e1e-9862771ebb6a_config-0] Success to connect to server [127.0.0.1:8848] on start up, connectionId = 1772002612472_172.19.0.1_36594
2026-02-25 14:56:52.687 INFO  [main] com.alibaba.nacos.common.remote.client - [0d832a85-7c6a-40fa-9e1e-9862771ebb6a_config-0] Register server push request handler:com.alibaba.nacos.common.remote.client.RpcClient$ConnectResetRequestHandler
2026-02-25 14:56:52.687 INFO  [com.alibaba.nacos.client.remote.worker.1] com.alibaba.nacos.common.remote.client - [0d832a85-7c6a-40fa-9e1e-9862771ebb6a_config-0] Notify connected event to listeners.
2026-02-25 14:56:52.689 INFO  [main] com.alibaba.nacos.common.remote.client - [0d832a85-7c6a-40fa-9e1e-9862771ebb6a_config-0] Register server push request handler:com.alibaba.nacos.common.remote.client.RpcClient$$Lambda/0x0000021d014f5220
2026-02-25 14:56:52.693 INFO  [com.alibaba.nacos.client.remote.worker.1] com.alibaba.nacos.client.config.impl.ClientWorker - [0d832a85-7c6a-40fa-9e1e-9862771ebb6a_config-0] Connected,notify listen context...
2026-02-25 14:56:52.770 INFO  [main] com.alibaba.nacos.client.config.impl.Limiter - limitTime:5.0
2026-02-25 14:56:52.861 WARN  [main] c.a.cloud.nacos.client.NacosPropertySourceBuilder - Ignore the empty nacos configuration and get it based on dataId[Coo-auth] & group[DEFAULT_GROUP]
2026-02-25 14:56:52.878 WARN  [main] c.a.cloud.nacos.client.NacosPropertySourceBuilder - Ignore the empty nacos configuration and get it based on dataId[Coo-auth.yaml] & group[DEFAULT_GROUP]
2026-02-25 14:56:52.880 INFO  [main] o.s.c.b.c.PropertySourceBootstrapConfiguration - Located property source: [BootstrapPropertySource {name='bootstrapProperties-Coo-auth.yaml,DEFAULT_GROUP'}, BootstrapPropertySource {name='bootstrapProperties-Coo-auth,DEFAULT_GROUP'}]
2026-02-25 14:56:52.894 INFO  [main] org.foreverempty.cooauth.CooAuthApplication - No active profile set, falling back to 1 default profile: "default"
2026-02-25 14:56:53.511 INFO  [main] o.s.d.r.config.RepositoryConfigurationDelegate - Bootstrapping Spring Data Elasticsearch repositories in DEFAULT mode.
2026-02-25 14:56:53.570 INFO  [main] o.s.d.r.config.RepositoryConfigurationDelegate - Finished Spring Data repository scanning in 46 ms. Found 1 Elasticsearch repository interface.
2026-02-25 14:56:54.115 INFO  [main] o.springframework.cloud.context.scope.GenericScope - BeanFactory id=d5a2a24a-ba57-3ab6-b065-50936761008f
2026-02-25 14:56:54.588 INFO  [main] o.s.boot.web.embedded.tomcat.TomcatWebServer - Tomcat initialized with port 8081 (http)
2026-02-25 14:56:54.613 INFO  [main] org.apache.coyote.http11.Http11NioProtocol - Initializing ProtocolHandler ["http-nio-8081"]
2026-02-25 14:56:54.624 INFO  [main] org.apache.catalina.core.StandardService - Starting service [Tomcat]
2026-02-25 14:56:54.626 INFO  [main] org.apache.catalina.core.StandardEngine - Starting Servlet engine: [Apache Tomcat/10.1.50]
2026-02-25 14:56:54.735 INFO  [main] o.a.c.core.ContainerBase.[Tomcat].[localhost].[/] - Initializing Spring embedded WebApplicationContext
2026-02-25 14:56:54.736 INFO  [main] o.s.b.w.s.c.ServletWebServerApplicationContext - Root WebApplicationContext: initialization completed in 1806 ms
2026-02-25 14:56:57.201 INFO  [main] org.springframework.cloud.commons.util.InetUtils - Cannot determine local hostname
2026-02-25 14:56:58.368 INFO  [main] org.springframework.cloud.commons.util.InetUtils - Cannot determine local hostname
2026-02-25 14:56:58.416 INFO  [main] org.apache.coyote.http11.Http11NioProtocol - Starting ProtocolHandler ["http-nio-8081"]
2026-02-25 14:56:58.425 INFO  [main] o.s.boot.web.embedded.tomcat.TomcatWebServer - Tomcat started on port 8081 (http) with context path '/'
2026-02-25 14:56:58.434 INFO  [main] com.alibaba.nacos.client.naming - initializer namespace from ans.namespace attribute : null
2026-02-25 14:56:58.435 INFO  [main] com.alibaba.nacos.client.naming - initializer namespace from ALIBABA_ALIWARE_NAMESPACE attribute :null
2026-02-25 14:56:58.436 INFO  [main] com.alibaba.nacos.client.naming - initializer namespace from namespace attribute :null
2026-02-25 14:56:58.445 INFO  [main] com.alibaba.nacos.client.naming - FailoverDataSource type is class com.alibaba.nacos.client.naming.backups.datasource.DiskFailoverDataSource
2026-02-25 14:56:58.450 INFO  [main] c.a.n.p.auth.spi.client.ClientAuthPluginManager - [ClientAuthPluginManager] Load ClientAuthService com.alibaba.nacos.client.auth.impl.NacosClientAuthServiceImpl success.
2026-02-25 14:56:58.451 INFO  [main] c.a.n.p.auth.spi.client.ClientAuthPluginManager - [ClientAuthPluginManager] Load ClientAuthService com.alibaba.nacos.client.auth.ram.RamClientAuthServiceImpl success.
2026-02-25 14:56:58.456 INFO  [main] com.alibaba.nacos.common.remote.client - [RpcClientFactory] create a new rpc client of 3d5e41a6-cac5-44d7-9d65-5a7b69500cbf
2026-02-25 14:56:58.460 INFO  [main] com.alibaba.nacos.client.naming - Create naming rpc client for uuid->3d5e41a6-cac5-44d7-9d65-5a7b69500cbf
2026-02-25 14:56:58.461 INFO  [main] com.alibaba.nacos.common.remote.client - [3d5e41a6-cac5-44d7-9d65-5a7b69500cbf] RpcClient init, ServerListFactory = com.alibaba.nacos.client.naming.core.ServerListManager
2026-02-25 14:56:58.461 INFO  [main] com.alibaba.nacos.common.remote.client - [3d5e41a6-cac5-44d7-9d65-5a7b69500cbf] Registry connection listener to current client:com.alibaba.nacos.client.naming.remote.gprc.redo.NamingGrpcRedoService
2026-02-25 14:56:58.462 INFO  [main] com.alibaba.nacos.common.remote.client - [3d5e41a6-cac5-44d7-9d65-5a7b69500cbf] Register server push request handler:com.alibaba.nacos.client.naming.remote.gprc.NamingPushRequestHandler
2026-02-25 14:56:58.463 INFO  [main] com.alibaba.nacos.common.remote.client - [3d5e41a6-cac5-44d7-9d65-5a7b69500cbf] Try to connect to server on start up, server: {serverIp = '127.0.0.1', server main port = 8848}
2026-02-25 14:56:58.465 INFO  [main] c.a.nacos.common.remote.client.grpc.GrpcClient - grpc client connection server:127.0.0.1 ip,serverPort:9848,grpcTslConfig:{"sslProvider":"","enableTls":false,"mutualAuthEnable":false,"trustAll":false}
2026-02-25 14:56:58.617 INFO  [main] com.alibaba.nacos.common.remote.client - [3d5e41a6-cac5-44d7-9d65-5a7b69500cbf] Success to connect to server [127.0.0.1:8848] on start up, connectionId = 1772002618286_172.19.0.1_44546
2026-02-25 14:56:58.618 INFO  [main] com.alibaba.nacos.common.remote.client - [3d5e41a6-cac5-44d7-9d65-5a7b69500cbf] Register server push request handler:com.alibaba.nacos.common.remote.client.RpcClient$ConnectResetRequestHandler
2026-02-25 14:56:58.618 INFO  [com.alibaba.nacos.client.remote.worker.0] com.alibaba.nacos.common.remote.client - [3d5e41a6-cac5-44d7-9d65-5a7b69500cbf] Notify connected event to listeners.
2026-02-25 14:56:58.618 INFO  [main] com.alibaba.nacos.common.remote.client - [3d5e41a6-cac5-44d7-9d65-5a7b69500cbf] Register server push request handler:com.alibaba.nacos.common.remote.client.RpcClient$$Lambda/0x0000021d014f5220
2026-02-25 14:56:58.618 INFO  [com.alibaba.nacos.client.remote.worker.0] com.alibaba.nacos.client.naming - Grpc connection connect
2026-02-25 14:56:58.619 INFO  [main] com.alibaba.nacos.client.naming - [REGISTER-SERVICE] public registering service Coo-auth with instance Instance{instanceId='null', ip='192.168.56.1', port=8081, weight=1.0, healthy=true, enabled=true, ephemeral=true, clusterName='', serviceName='null', metadata={IPv6=null, preserved.register.source=SPRING_CLOUD}}
2026-02-25 14:56:58.635 INFO  [main] c.a.cloud.nacos.registry.NacosServiceRegistry - nacos registry, DEFAULT_GROUP Coo-auth 192.168.56.1:8081 register finished
2026-02-25 14:56:59.643 INFO  [main] org.springframework.cloud.commons.util.InetUtils - Cannot determine local hostname
2026-02-25 14:56:59.646 WARN  [main] o.s.b.w.s.c.AnnotationConfigServletWebServerApplicationContext - Exception encountered during context initialization - cancelling refresh attempt: org.springframework.beans.factory.BeanCreationException: Error creating bean with name 'scopedTarget.jwtUtils': Injection of autowired dependencies failed
2026-02-25 14:56:59.647 INFO  [main] c.a.cloud.nacos.registry.NacosServiceRegistry - De-registering from Nacos Server now...
2026-02-25 14:56:59.647 INFO  [main] com.alibaba.nacos.client.naming - [DEREGISTER-SERVICE] public deregistering service Coo-auth with instance: Instance{instanceId='null', ip='192.168.56.1', port=8081, weight=1.0, healthy=true, enabled=true, ephemeral=true, clusterName='', serviceName='null', metadata={}}
2026-02-25 14:56:59.654 INFO  [main] c.a.cloud.nacos.registry.NacosServiceRegistry - De-registration finished.
2026-02-25 14:56:59.654 INFO  [main] com.alibaba.nacos.client.naming - com.alibaba.nacos.client.naming.cache.ServiceInfoHolder do shutdown begin
2026-02-25 14:56:59.655 INFO  [main] com.alibaba.nacos.client.naming - com.alibaba.nacos.client.naming.backups.FailoverReactor do shutdown begin
2026-02-25 14:56:59.655 INFO  [main] com.alibaba.nacos.client.naming - com.alibaba.nacos.client.naming.backups.FailoverReactor do shutdown stop
2026-02-25 14:56:59.655 INFO  [main] com.alibaba.nacos.client.naming - com.alibaba.nacos.client.naming.cache.ServiceInfoHolder do shutdown stop
2026-02-25 14:56:59.656 INFO  [main] com.alibaba.nacos.client.naming - com.alibaba.nacos.client.naming.remote.NamingClientProxyDelegate do shutdown begin
2026-02-25 14:56:59.656 INFO  [main] com.alibaba.nacos.client.naming - com.alibaba.nacos.client.naming.core.ServiceInfoUpdateService do shutdown begin
2026-02-25 14:56:59.656 INFO  [main] com.alibaba.nacos.client.naming - com.alibaba.nacos.client.naming.core.ServiceInfoUpdateService do shutdown stop
2026-02-25 14:56:59.657 INFO  [main] com.alibaba.nacos.client.naming - com.alibaba.nacos.client.naming.core.ServerListManager do shutdown begin
2026-02-25 14:56:59.657 WARN  [main] com.alibaba.nacos.client.naming - [NamingHttpClientManager] Start destroying NacosRestTemplate
2026-02-25 14:56:59.657 WARN  [main] com.alibaba.nacos.client.naming - [NamingHttpClientManager] Destruction of the end
2026-02-25 14:56:59.657 INFO  [main] com.alibaba.nacos.client.naming - com.alibaba.nacos.client.naming.core.ServerListManager do shutdown stop
2026-02-25 14:56:59.658 INFO  [main] com.alibaba.nacos.client.naming - com.alibaba.nacos.client.naming.remote.http.NamingHttpClientProxy do shutdown begin
2026-02-25 14:56:59.658 WARN  [main] com.alibaba.nacos.client.naming - [NamingHttpClientManager] Start destroying NacosRestTemplate
2026-02-25 14:56:59.659 WARN  [main] com.alibaba.nacos.client.naming - [NamingHttpClientManager] Destruction of the end
2026-02-25 14:56:59.659 INFO  [main] com.alibaba.nacos.client.naming - com.alibaba.nacos.client.naming.remote.http.NamingHttpClientProxy do shutdown stop
2026-02-25 14:56:59.659 INFO  [main] com.alibaba.nacos.client.naming - Shutdown naming grpc client proxy for  uuid->3d5e41a6-cac5-44d7-9d65-5a7b69500cbf
2026-02-25 14:56:59.660 INFO  [main] com.alibaba.nacos.client.naming - Shutdown grpc redo service executor java.util.concurrent.ScheduledThreadPoolExecutor@493250cf[Running, pool size = 1, active threads = 0, queued tasks = 1, completed tasks = 0]
2026-02-25 14:56:59.660 INFO  [main] com.alibaba.nacos.common.remote.client - Shutdown rpc client, set status to shutdown
2026-02-25 14:56:59.660 INFO  [main] com.alibaba.nacos.common.remote.client - Shutdown client event executor java.util.concurrent.ScheduledThreadPoolExecutor@a1e578f[Running, pool size = 2, active threads = 2, queued tasks = 0, completed tasks = 0]
2026-02-25 14:56:59.661 INFO  [main] com.alibaba.nacos.common.remote.client - Close current connection 1772002618286_172.19.0.1_44546
2026-02-25 14:56:59.663 WARN  [nacos-grpc-client-executor-127.0.0.1-9] c.a.nacos.common.remote.client.grpc.GrpcClient - [1772002618286_172.19.0.1_44546]Ignore error event,isRunning:false,isAbandon=false
2026-02-25 14:56:59.665 INFO  [main] c.a.nacos.common.remote.client.grpc.GrpcClient - Shutdown grpc executor java.util.concurrent.ThreadPoolExecutor@77fecd2c[Running, pool size = 10, active threads = 0, queued tasks = 0, completed tasks = 10]
2026-02-25 14:56:59.665 INFO  [main] com.alibaba.nacos.client.naming - shutdown and remove naming rpc client  for uuid ->3d5e41a6-cac5-44d7-9d65-5a7b69500cbf
2026-02-25 14:56:59.666 INFO  [main] c.a.n.client.auth.ram.identify.CredentialWatcher - [null] CredentialWatcher is stopped
2026-02-25 14:56:59.666 INFO  [main] c.a.n.client.auth.ram.identify.CredentialService - [null] CredentialService is freed
2026-02-25 14:56:59.667 INFO  [main] com.alibaba.nacos.client.naming - com.alibaba.nacos.client.naming.remote.NamingClientProxyDelegate do shutdown stop
2026-02-25 14:56:59.672 INFO  [main] org.apache.coyote.http11.Http11NioProtocol - Stopping ProtocolHandler ["http-nio-8081"]
2026-02-25 14:56:59.679 INFO  [main] org.apache.catalina.core.StandardService - Stopping service [Tomcat]
2026-02-25 14:56:59.691 INFO  [main] o.s.b.a.logging.ConditionEvaluationReportLogger - 

Error starting ApplicationContext. To display the condition evaluation report re-run your application with 'debug' enabled.
2026-02-25 14:56:59.708 ERROR [main] org.springframework.boot.SpringApplication - Application run failed
org.springframework.beans.factory.BeanCreationException: Error creating bean with name 'scopedTarget.jwtUtils': Injection of autowired dependencies failed
	at org.springframework.beans.factory.annotation.AutowiredAnnotationBeanPostProcessor.postProcessProperties(AutowiredAnnotationBeanPostProcessor.java:515)
	at org.springframework.beans.factory.support.AbstractAutowireCapableBeanFactory.populateBean(AbstractAutowireCapableBeanFactory.java:1459)
	at org.springframework.beans.factory.support.AbstractAutowireCapableBeanFactory.doCreateBean(AbstractAutowireCapableBeanFactory.java:606)
	at org.springframework.beans.factory.support.AbstractAutowireCapableBeanFactory.createBean(AbstractAutowireCapableBeanFactory.java:529)
	at org.springframework.beans.factory.support.AbstractBeanFactory.lambda$doGetBean$1(AbstractBeanFactory.java:378)
	at org.springframework.cloud.context.scope.GenericScope$BeanLifecycleWrapper.getBean(GenericScope.java:373)
	at org.springframework.cloud.context.scope.GenericScope.get(GenericScope.java:177)
	at org.springframework.beans.factory.support.AbstractBeanFactory.doGetBean(AbstractBeanFactory.java:375)
	at org.springframework.beans.factory.support.AbstractBeanFactory.getBean(AbstractBeanFactory.java:202)
	at org.springframework.context.support.AbstractApplicationContext.getBean(AbstractApplicationContext.java:1275)
	at org.springframework.cloud.context.scope.refresh.RefreshScope.eagerlyInitialize(RefreshScope.java:126)
	at org.springframework.cloud.context.scope.refresh.RefreshScope.start(RefreshScope.java:118)
	at org.springframework.cloud.context.scope.refresh.RefreshScope.onApplicationEvent(RefreshScope.java:113)
	at org.springframework.cloud.context.scope.refresh.RefreshScope.onApplicationEvent(RefreshScope.java:68)
	at org.springframework.context.event.SimpleApplicationEventMulticaster.doInvokeListener(SimpleApplicationEventMulticaster.java:185)
	at org.springframework.context.event.SimpleApplicationEventMulticaster.invokeListener(SimpleApplicationEventMulticaster.java:178)
	at org.springframework.context.event.SimpleApplicationEventMulticaster.multicastEvent(SimpleApplicationEventMulticaster.java:156)
	at org.springframework.context.support.AbstractApplicationContext.publishEvent(AbstractApplicationContext.java:454)
	at org.springframework.context.support.AbstractApplicationContext.publishEvent(AbstractApplicationContext.java:387)
	at org.springframework.context.support.AbstractApplicationContext.finishRefresh(AbstractApplicationContext.java:1012)
	at org.springframework.context.support.AbstractApplicationContext.refresh(AbstractApplicationContext.java:630)
	at org.springframework.boot.web.servlet.context.ServletWebServerApplicationContext.refresh(ServletWebServerApplicationContext.java:146)
	at org.springframework.boot.SpringApplication.refresh(SpringApplication.java:752)
	at org.springframework.boot.SpringApplication.refreshContext(SpringApplication.java:439)
	at org.springframework.boot.SpringApplication.run(SpringApplication.java:318)
	at org.springframework.boot.SpringApplication.run(SpringApplication.java:1361)
	at org.springframework.boot.SpringApplication.run(SpringApplication.java:1350)
	at org.foreverempty.cooauth.CooAuthApplication.main(CooAuthApplication.java:18)
Caused by: org.springframework.util.PlaceholderResolutionException: Could not resolve placeholder 'coo.jwt.secret' in value "${coo.jwt.secret}"
	at org.springframework.util.PlaceholderResolutionException.withValue(PlaceholderResolutionException.java:81)
	at org.springframework.util.PlaceholderParser$ParsedValue.resolve(PlaceholderParser.java:298)
	at org.springframework.util.PlaceholderParser.replacePlaceholders(PlaceholderParser.java:131)
	at org.springframework.util.PropertyPlaceholderHelper.replacePlaceholders(PropertyPlaceholderHelper.java:114)
	at org.springframework.core.env.AbstractPropertyResolver.doResolvePlaceholders(AbstractPropertyResolver.java:293)
	at org.springframework.core.env.AbstractPropertyResolver.resolveRequiredPlaceholders(AbstractPropertyResolver.java:264)
	at org.springframework.context.support.PropertySourcesPlaceholderConfigurer.lambda$processProperties$0(PropertySourcesPlaceholderConfigurer.java:186)
	at org.springframework.beans.factory.support.AbstractBeanFactory.resolveEmbeddedValue(AbstractBeanFactory.java:970)
	at org.springframework.beans.factory.support.DefaultListableBeanFactory.doResolveDependency(DefaultListableBeanFactory.java:1675)
	at org.springframework.beans.factory.support.DefaultListableBeanFactory.resolveDependency(DefaultListableBeanFactory.java:1653)
	at org.springframework.beans.factory.annotation.AutowiredAnnotationBeanPostProcessor$AutowiredFieldElement.resolveFieldValue(AutowiredAnnotationBeanPostProcessor.java:784)
	at org.springframework.beans.factory.annotation.AutowiredAnnotationBeanPostProcessor$AutowiredFieldElement.inject(AutowiredAnnotationBeanPostProcessor.java:767)
	at org.springframework.beans.factory.annotation.InjectionMetadata.inject(InjectionMetadata.java:146)
	at org.springframework.beans.factory.annotation.AutowiredAnnotationBeanPostProcessor.postProcessProperties(AutowiredAnnotationBeanPostProcessor.java:509)
	... 27 common frames omitted
2026-02-25 14:56:59.715 WARN  [Thread-3] c.alibaba.nacos.common.http.HttpClientBeanHolder - [HttpClientBeanHolder] Start destroying common HttpClient
2026-02-25 14:56:59.715 WARN  [Thread-5] com.alibaba.nacos.common.notify.NotifyCenter - [NotifyCenter] Start destroying Publisher
2026-02-25 14:56:59.716 WARN  [Thread-3] c.alibaba.nacos.common.http.HttpClientBeanHolder - [HttpClientBeanHolder] Destruction of the end
2026-02-25 15:04:27.685 INFO  [main] com.alibaba.nacos.client.utils.ParamUtil - [settings] [req-serv] nacos-server port:8848
2026-02-25 15:04:27.688 INFO  [main] com.alibaba.nacos.client.utils.ParamUtil - [settings] [http-client] connect timeout:1000
2026-02-25 15:04:27.689 INFO  [Thread-2] c.a.n.client.auth.ram.identify.CredentialWatcher - null No credential found
2026-02-25 15:04:27.690 INFO  [main] com.alibaba.nacos.client.utils.ParamUtil - PER_TASK_CONFIG_SIZE: 3000.0
2026-02-25 15:04:27.712 INFO  [main] com.alibaba.nacos.common.labels - DefaultLabelsCollectorManager get labels.....
2026-02-25 15:04:27.712 INFO  [main] com.alibaba.nacos.common.labels - Process LabelsCollector with [name:defaultNacosLabelsCollector]
2026-02-25 15:04:27.712 INFO  [main] com.alibaba.nacos.common.labels - default nacos collect properties raw labels: null
2026-02-25 15:04:27.713 INFO  [main] com.alibaba.nacos.common.labels - default nacos collect properties labels: {}
2026-02-25 15:04:27.714 INFO  [main] com.alibaba.nacos.common.labels - default nacos collect jvm raw labels: null
2026-02-25 15:04:27.714 INFO  [main] com.alibaba.nacos.common.labels - default nacos collect jvm labels: {}
2026-02-25 15:04:27.716 INFO  [main] com.alibaba.nacos.common.labels - default nacos collect env raw labels: null
2026-02-25 15:04:27.717 INFO  [main] com.alibaba.nacos.common.labels - default nacos collect env labels: {}
2026-02-25 15:04:27.718 INFO  [main] com.alibaba.nacos.common.labels - DefaultLabelsCollectorManager get labels finished,labels :{}
2026-02-25 15:04:27.725 INFO  [main] c.a.n.p.auth.spi.client.ClientAuthPluginManager - [ClientAuthPluginManager] Load ClientAuthService com.alibaba.nacos.client.auth.impl.NacosClientAuthServiceImpl success.
2026-02-25 15:04:27.726 INFO  [main] c.a.n.p.auth.spi.client.ClientAuthPluginManager - [ClientAuthPluginManager] Load ClientAuthService com.alibaba.nacos.client.auth.ram.RamClientAuthServiceImpl success.
2026-02-25 15:04:27.736 INFO  [main] c.a.n.client.config.impl.LocalConfigInfoProcessor - LOCAL_SNAPSHOT_PATH:C:\Users\ForeverEmpty\nacos\config
2026-02-25 15:04:27.749 INFO  [main] com.alibaba.nacos.common.remote.client - [RpcClientFactory] create a new rpc client of b2809657-475a-4b8e-901b-fdcddcb2fa3a_config-0
2026-02-25 15:04:27.782 INFO  [main] com.alibaba.nacos.common.remote.client - [b2809657-475a-4b8e-901b-fdcddcb2fa3a_config-0] Register server push request handler:com.alibaba.nacos.client.config.impl.ClientWorker$ConfigRpcTransportClient$$Lambda/0x0000020e013ae540
2026-02-25 15:04:27.785 INFO  [main] com.alibaba.nacos.common.remote.client - [b2809657-475a-4b8e-901b-fdcddcb2fa3a_config-0] Register server push request handler:com.alibaba.nacos.client.config.impl.ClientWorker$ConfigRpcTransportClient$$Lambda/0x0000020e013ae950
2026-02-25 15:04:27.785 INFO  [main] com.alibaba.nacos.common.remote.client - [b2809657-475a-4b8e-901b-fdcddcb2fa3a_config-0] Registry connection listener to current client:com.alibaba.nacos.client.config.impl.ClientWorker$ConfigRpcTransportClient$1
2026-02-25 15:04:27.786 INFO  [main] com.alibaba.nacos.common.remote.client - [b2809657-475a-4b8e-901b-fdcddcb2fa3a_config-0] RpcClient init, ServerListFactory = com.alibaba.nacos.client.config.impl.ClientWorker$ConfigRpcTransportClient$2
2026-02-25 15:04:27.798 INFO  [main] com.alibaba.nacos.common.remote.client - [b2809657-475a-4b8e-901b-fdcddcb2fa3a_config-0] Try to connect to server on start up, server: {serverIp = '127.0.0.1', server main port = 8848}
2026-02-25 15:04:27.865 INFO  [main] c.a.nacos.common.remote.client.grpc.GrpcClient - grpc client connection server:127.0.0.1 ip,serverPort:9848,grpcTslConfig:{"sslProvider":"","enableTls":false,"mutualAuthEnable":false,"trustAll":false}
2026-02-25 15:04:28.675 INFO  [main] c.a.n.common.ability.AbstractAbilityControlManager - Ready to get current node abilities...
2026-02-25 15:04:28.677 INFO  [main] c.a.n.common.ability.AbstractAbilityControlManager - Ready to initialize current node abilities, support modes: [SDK_CLIENT]
2026-02-25 15:04:28.679 INFO  [main] c.a.n.common.ability.AbstractAbilityControlManager - Initialize current abilities finish...
2026-02-25 15:04:28.680 INFO  [main] c.a.n.c.ability.discover.NacosAbilityManagerHolder - [AbilityControlManager] Successfully initialize AbilityControlManager
2026-02-25 15:04:28.787 INFO  [main] com.alibaba.nacos.common.remote.client - [b2809657-475a-4b8e-901b-fdcddcb2fa3a_config-0] Success to connect to server [127.0.0.1:8848] on start up, connectionId = 1772003069753_172.19.0.1_40142
2026-02-25 15:04:28.788 INFO  [com.alibaba.nacos.client.remote.worker.1] com.alibaba.nacos.common.remote.client - [b2809657-475a-4b8e-901b-fdcddcb2fa3a_config-0] Notify connected event to listeners.
2026-02-25 15:04:28.788 INFO  [main] com.alibaba.nacos.common.remote.client - [b2809657-475a-4b8e-901b-fdcddcb2fa3a_config-0] Register server push request handler:com.alibaba.nacos.common.remote.client.RpcClient$ConnectResetRequestHandler
2026-02-25 15:04:28.788 INFO  [com.alibaba.nacos.client.remote.worker.1] com.alibaba.nacos.client.config.impl.ClientWorker - [b2809657-475a-4b8e-901b-fdcddcb2fa3a_config-0] Connected,notify listen context...
2026-02-25 15:04:28.790 INFO  [main] com.alibaba.nacos.common.remote.client - [b2809657-475a-4b8e-901b-fdcddcb2fa3a_config-0] Register server push request handler:com.alibaba.nacos.common.remote.client.RpcClient$$Lambda/0x0000020e014f7640
2026-02-25 15:04:28.833 INFO  [main] com.alibaba.nacos.client.config.impl.Limiter - limitTime:5.0
2026-02-25 15:04:28.853 INFO  [main] com.alibaba.nacos.client.config.utils.JvmUtil - isMultiInstance:false
2026-02-25 15:04:28.865 WARN  [main] c.a.cloud.nacos.client.NacosPropertySourceBuilder - Ignore the empty nacos configuration and get it based on dataId[Coo-auth] & group[DEFAULT_GROUP]
2026-02-25 15:04:28.872 WARN  [main] c.a.cloud.nacos.client.NacosPropertySourceBuilder - Ignore the empty nacos configuration and get it based on dataId[Coo-auth.yaml] & group[DEFAULT_GROUP]
2026-02-25 15:04:28.874 INFO  [main] o.s.c.b.c.PropertySourceBootstrapConfiguration - Located property source: [BootstrapPropertySource {name='bootstrapProperties-Coo-auth.yaml,DEFAULT_GROUP'}, BootstrapPropertySource {name='bootstrapProperties-Coo-auth,DEFAULT_GROUP'}, BootstrapPropertySource {name='bootstrapProperties-Coo-jwt.yaml,DEFAULT_GROUP'}]
2026-02-25 15:04:28.883 INFO  [main] org.foreverempty.cooauth.CooAuthApplication - No active profile set, falling back to 1 default profile: "default"
2026-02-25 15:04:29.331 INFO  [main] o.s.d.r.config.RepositoryConfigurationDelegate - Bootstrapping Spring Data Elasticsearch repositories in DEFAULT mode.
2026-02-25 15:04:29.374 INFO  [main] o.s.d.r.config.RepositoryConfigurationDelegate - Finished Spring Data repository scanning in 35 ms. Found 1 Elasticsearch repository interface.
2026-02-25 15:04:29.715 INFO  [main] o.springframework.cloud.context.scope.GenericScope - BeanFactory id=d5a2a24a-ba57-3ab6-b065-50936761008f
2026-02-25 15:04:30.008 INFO  [main] o.s.boot.web.embedded.tomcat.TomcatWebServer - Tomcat initialized with port 8081 (http)
2026-02-25 15:04:30.019 INFO  [main] org.apache.coyote.http11.Http11NioProtocol - Initializing ProtocolHandler ["http-nio-8081"]
2026-02-25 15:04:30.021 INFO  [main] org.apache.catalina.core.StandardService - Starting service [Tomcat]
2026-02-25 15:04:30.021 INFO  [main] org.apache.catalina.core.StandardEngine - Starting Servlet engine: [Apache Tomcat/10.1.50]
2026-02-25 15:04:30.078 INFO  [main] o.a.c.core.ContainerBase.[Tomcat].[localhost].[/] - Initializing Spring embedded WebApplicationContext
2026-02-25 15:04:30.078 INFO  [main] o.s.b.w.s.c.ServletWebServerApplicationContext - Root WebApplicationContext: initialization completed in 1172 ms
2026-02-25 15:04:32.264 INFO  [main] org.springframework.cloud.commons.util.InetUtils - Cannot determine local hostname
2026-02-25 15:04:33.351 INFO  [main] org.springframework.cloud.commons.util.InetUtils - Cannot determine local hostname
2026-02-25 15:04:33.384 INFO  [main] org.apache.coyote.http11.Http11NioProtocol - Starting ProtocolHandler ["http-nio-8081"]
2026-02-25 15:04:33.390 INFO  [main] o.s.boot.web.embedded.tomcat.TomcatWebServer - Tomcat started on port 8081 (http) with context path '/'
2026-02-25 15:04:33.395 INFO  [main] com.alibaba.nacos.client.naming - initializer namespace from ans.namespace attribute : null
2026-02-25 15:04:33.395 INFO  [main] com.alibaba.nacos.client.naming - initializer namespace from ALIBABA_ALIWARE_NAMESPACE attribute :null
2026-02-25 15:04:33.396 INFO  [main] com.alibaba.nacos.client.naming - initializer namespace from namespace attribute :null
2026-02-25 15:04:33.402 INFO  [main] com.alibaba.nacos.client.naming - FailoverDataSource type is class com.alibaba.nacos.client.naming.backups.datasource.DiskFailoverDataSource
2026-02-25 15:04:33.406 INFO  [main] c.a.n.p.auth.spi.client.ClientAuthPluginManager - [ClientAuthPluginManager] Load ClientAuthService com.alibaba.nacos.client.auth.impl.NacosClientAuthServiceImpl success.
2026-02-25 15:04:33.406 INFO  [main] c.a.n.p.auth.spi.client.ClientAuthPluginManager - [ClientAuthPluginManager] Load ClientAuthService com.alibaba.nacos.client.auth.ram.RamClientAuthServiceImpl success.
2026-02-25 15:04:33.409 INFO  [main] com.alibaba.nacos.common.remote.client - [RpcClientFactory] create a new rpc client of b1ab3ed7-3840-40e3-b862-d793490cf48c
2026-02-25 15:04:33.410 INFO  [main] com.alibaba.nacos.client.naming - Create naming rpc client for uuid->b1ab3ed7-3840-40e3-b862-d793490cf48c
2026-02-25 15:04:33.411 INFO  [main] com.alibaba.nacos.common.remote.client - [b1ab3ed7-3840-40e3-b862-d793490cf48c] RpcClient init, ServerListFactory = com.alibaba.nacos.client.naming.core.ServerListManager
2026-02-25 15:04:33.412 INFO  [main] com.alibaba.nacos.common.remote.client - [b1ab3ed7-3840-40e3-b862-d793490cf48c] Registry connection listener to current client:com.alibaba.nacos.client.naming.remote.gprc.redo.NamingGrpcRedoService
2026-02-25 15:04:33.412 INFO  [main] com.alibaba.nacos.common.remote.client - [b1ab3ed7-3840-40e3-b862-d793490cf48c] Register server push request handler:com.alibaba.nacos.client.naming.remote.gprc.NamingPushRequestHandler
2026-02-25 15:04:33.413 INFO  [main] com.alibaba.nacos.common.remote.client - [b1ab3ed7-3840-40e3-b862-d793490cf48c] Try to connect to server on start up, server: {serverIp = '127.0.0.1', server main port = 8848}
2026-02-25 15:04:33.413 INFO  [main] c.a.nacos.common.remote.client.grpc.GrpcClient - grpc client connection server:127.0.0.1 ip,serverPort:9848,grpcTslConfig:{"sslProvider":"","enableTls":false,"mutualAuthEnable":false,"trustAll":false}
2026-02-25 15:04:33.538 INFO  [main] com.alibaba.nacos.common.remote.client - [b1ab3ed7-3840-40e3-b862-d793490cf48c] Success to connect to server [127.0.0.1:8848] on start up, connectionId = 1772003074210_172.19.0.1_40156
2026-02-25 15:04:33.538 INFO  [main] com.alibaba.nacos.common.remote.client - [b1ab3ed7-3840-40e3-b862-d793490cf48c] Register server push request handler:com.alibaba.nacos.common.remote.client.RpcClient$ConnectResetRequestHandler
2026-02-25 15:04:33.538 INFO  [com.alibaba.nacos.client.remote.worker.0] com.alibaba.nacos.common.remote.client - [b1ab3ed7-3840-40e3-b862-d793490cf48c] Notify connected event to listeners.
2026-02-25 15:04:33.539 INFO  [main] com.alibaba.nacos.common.remote.client - [b1ab3ed7-3840-40e3-b862-d793490cf48c] Register server push request handler:com.alibaba.nacos.common.remote.client.RpcClient$$Lambda/0x0000020e014f7640
2026-02-25 15:04:33.539 INFO  [com.alibaba.nacos.client.remote.worker.0] com.alibaba.nacos.client.naming - Grpc connection connect
2026-02-25 15:04:33.540 INFO  [main] com.alibaba.nacos.client.naming - [REGISTER-SERVICE] public registering service Coo-auth with instance Instance{instanceId='null', ip='192.168.56.1', port=8081, weight=1.0, healthy=true, enabled=true, ephemeral=true, clusterName='', serviceName='null', metadata={IPv6=null, preserved.register.source=SPRING_CLOUD}}
2026-02-25 15:04:33.550 INFO  [main] c.a.cloud.nacos.registry.NacosServiceRegistry - nacos registry, DEFAULT_GROUP Coo-auth 192.168.56.1:8081 register finished
2026-02-25 15:04:34.557 INFO  [main] org.springframework.cloud.commons.util.InetUtils - Cannot determine local hostname
2026-02-25 15:04:34.570 INFO  [main] org.foreverempty.cooauth.CooAuthApplication - Started CooAuthApplication in 9.937 seconds (process running for 10.643)
2026-02-25 15:04:34.576 INFO  [main] com.alibaba.nacos.client.config.impl.CacheData - config listener notify warn timeout millis use default 60000 millis 
2026-02-25 15:04:34.577 INFO  [main] com.alibaba.nacos.client.config.impl.CacheData - nacos.cache.data.init.snapshot = true 
2026-02-25 15:04:34.578 INFO  [main] com.alibaba.nacos.client.config.impl.ClientWorker - [fixed-127.0.0.1_8848] [subscribe] Coo-jwt.yaml+DEFAULT_GROUP
2026-02-25 15:04:34.587 INFO  [main] com.alibaba.nacos.client.config.impl.CacheData - [fixed-127.0.0.1_8848] [add-listener] ok, tenant=, dataId=Coo-jwt.yaml, group=DEFAULT_GROUP, cnt=1
2026-02-25 15:04:34.587 INFO  [main] c.a.cloud.nacos.refresh.NacosContextRefresher - [Nacos Config] Listening config: dataId=Coo-jwt.yaml, group=DEFAULT_GROUP
2026-02-25 15:04:34.588 INFO  [main] com.alibaba.nacos.client.config.impl.ClientWorker - [fixed-127.0.0.1_8848] [subscribe] Coo-auth.yaml+DEFAULT_GROUP
2026-02-25 15:04:34.588 INFO  [main] com.alibaba.nacos.client.config.impl.CacheData - [fixed-127.0.0.1_8848] [add-listener] ok, tenant=, dataId=Coo-auth.yaml, group=DEFAULT_GROUP, cnt=1
2026-02-25 15:04:34.588 INFO  [main] c.a.cloud.nacos.refresh.NacosContextRefresher - [Nacos Config] Listening config: dataId=Coo-auth.yaml, group=DEFAULT_GROUP
2026-02-25 15:04:34.588 INFO  [main] com.alibaba.nacos.client.config.impl.ClientWorker - [fixed-127.0.0.1_8848] [subscribe] Coo-auth+DEFAULT_GROUP
2026-02-25 15:04:34.589 INFO  [main] com.alibaba.nacos.client.config.impl.CacheData - [fixed-127.0.0.1_8848] [add-listener] ok, tenant=, dataId=Coo-auth, group=DEFAULT_GROUP, cnt=1
2026-02-25 15:04:34.589 INFO  [main] c.a.cloud.nacos.refresh.NacosContextRefresher - [Nacos Config] Listening config: dataId=Coo-auth, group=DEFAULT_GROUP
2026-02-25 15:04:34.709 INFO  [Thread-13] o.foreverempty.common.handler.AbstractCanalHandler - Start to listen, target: coo_chat\.u_user
2026-02-25 15:06:50.781 INFO  [tomcat-handler-0] o.a.c.core.ContainerBase.[Tomcat].[localhost].[/] - Initializing Spring DispatcherServlet 'dispatcherServlet'
2026-02-25 15:06:50.782 INFO  [tomcat-handler-0] org.springframework.web.servlet.DispatcherServlet - Initializing Servlet 'dispatcherServlet'
2026-02-25 15:06:50.784 INFO  [tomcat-handler-0] org.springframework.web.servlet.DispatcherServlet - Completed initialization in 2 ms
2026-02-25 15:06:50.922 INFO  [tomcat-handler-0] com.zaxxer.hikari.HikariDataSource - HikariPool-1 - Starting...
2026-02-25 15:06:51.247 INFO  [tomcat-handler-0] com.zaxxer.hikari.pool.HikariPool - HikariPool-1 - Added connection com.mysql.cj.jdbc.ConnectionImpl@380d2fe7
2026-02-25 15:06:51.249 INFO  [tomcat-handler-0] com.zaxxer.hikari.HikariDataSource - HikariPool-1 - Start completed.
