2026-01-20 17:59:52.815 INFO  [main] com.alibaba.nacos.client.utils.ParamUtil - [settings] [req-serv] nacos-server port:8848
2026-01-20 17:59:52.818 INFO  [Thread-2] c.a.n.client.auth.ram.identify.CredentialWatcher - null No credential found
2026-01-20 17:59:52.818 INFO  [main] com.alibaba.nacos.client.utils.ParamUtil - [settings] [http-client] connect timeout:1000
2026-01-20 17:59:52.819 INFO  [main] com.alibaba.nacos.client.utils.ParamUtil - PER_TASK_CONFIG_SIZE: 3000.0
2026-01-20 17:59:52.838 INFO  [main] com.alibaba.nacos.common.labels - DefaultLabelsCollectorManager get labels.....
2026-01-20 17:59:52.838 INFO  [main] com.alibaba.nacos.common.labels - Process LabelsCollector with [name:defaultNacosLabelsCollector]
2026-01-20 17:59:52.838 INFO  [main] com.alibaba.nacos.common.labels - default nacos collect properties raw labels: null
2026-01-20 17:59:52.840 INFO  [main] com.alibaba.nacos.common.labels - default nacos collect properties labels: {}
2026-01-20 17:59:52.840 INFO  [main] com.alibaba.nacos.common.labels - default nacos collect jvm raw labels: null
2026-01-20 17:59:52.840 INFO  [main] com.alibaba.nacos.common.labels - default nacos collect jvm labels: {}
2026-01-20 17:59:52.840 INFO  [main] com.alibaba.nacos.common.labels - default nacos collect env raw labels: null
2026-01-20 17:59:52.840 INFO  [main] com.alibaba.nacos.common.labels - default nacos collect env labels: {}
2026-01-20 17:59:52.840 INFO  [main] com.alibaba.nacos.common.labels - DefaultLabelsCollectorManager get labels finished,labels :{}
2026-01-20 17:59:52.846 INFO  [main] c.a.n.p.auth.spi.client.ClientAuthPluginManager - [ClientAuthPluginManager] Load ClientAuthService com.alibaba.nacos.client.auth.impl.NacosClientAuthServiceImpl success.
2026-01-20 17:59:52.846 INFO  [main] c.a.n.p.auth.spi.client.ClientAuthPluginManager - [ClientAuthPluginManager] Load ClientAuthService com.alibaba.nacos.client.auth.ram.RamClientAuthServiceImpl success.
2026-01-20 17:59:52.851 INFO  [main] c.a.n.client.config.impl.LocalConfigInfoProcessor - LOCAL_SNAPSHOT_PATH:C:\Users\ForeverEmpty\nacos\config
2026-01-20 17:59:52.854 INFO  [main] com.alibaba.nacos.common.remote.client - [RpcClientFactory] create a new rpc client of d5b4a23a-2198-41d4-9137-142d57615c49_config-0
2026-01-20 17:59:52.869 INFO  [main] com.alibaba.nacos.common.remote.client - [d5b4a23a-2198-41d4-9137-142d57615c49_config-0] Register server push request handler:com.alibaba.nacos.client.config.impl.ClientWorker$ConfigRpcTransportClient$$Lambda/0x0000022e5c3b5540
2026-01-20 17:59:52.869 INFO  [main] com.alibaba.nacos.common.remote.client - [d5b4a23a-2198-41d4-9137-142d57615c49_config-0] Register server push request handler:com.alibaba.nacos.client.config.impl.ClientWorker$ConfigRpcTransportClient$$Lambda/0x0000022e5c3b5950
2026-01-20 17:59:52.869 INFO  [main] com.alibaba.nacos.common.remote.client - [d5b4a23a-2198-41d4-9137-142d57615c49_config-0] Registry connection listener to current client:com.alibaba.nacos.client.config.impl.ClientWorker$ConfigRpcTransportClient$1
2026-01-20 17:59:52.869 INFO  [main] com.alibaba.nacos.common.remote.client - [d5b4a23a-2198-41d4-9137-142d57615c49_config-0] RpcClient init, ServerListFactory = com.alibaba.nacos.client.config.impl.ClientWorker$ConfigRpcTransportClient$2
2026-01-20 17:59:52.874 INFO  [main] com.alibaba.nacos.common.remote.client - [d5b4a23a-2198-41d4-9137-142d57615c49_config-0] Try to connect to server on start up, server: {serverIp = '127.0.0.1', server main port = 8848}
2026-01-20 17:59:52.908 INFO  [main] c.a.nacos.common.remote.client.grpc.GrpcClient - grpc client connection server:127.0.0.1 ip,serverPort:9848,grpcTslConfig:{"sslProvider":"","enableTls":false,"mutualAuthEnable":false,"trustAll":false}
2026-01-20 17:59:53.398 INFO  [main] c.a.n.common.ability.AbstractAbilityControlManager - Ready to get current node abilities...
2026-01-20 17:59:53.399 INFO  [main] c.a.n.common.ability.AbstractAbilityControlManager - Ready to initialize current node abilities, support modes: [SDK_CLIENT]
2026-01-20 17:59:53.400 INFO  [main] c.a.n.common.ability.AbstractAbilityControlManager - Initialize current abilities finish...
2026-01-20 17:59:53.400 INFO  [main] c.a.n.c.ability.discover.NacosAbilityManagerHolder - [AbilityControlManager] Successfully initialize AbilityControlManager
2026-01-20 17:59:53.516 INFO  [main] com.alibaba.nacos.common.remote.client - [d5b4a23a-2198-41d4-9137-142d57615c49_config-0] Success to connect to server [127.0.0.1:8848] on start up, connectionId = 1768903193526_172.19.0.1_43484
2026-01-20 17:59:53.517 INFO  [com.alibaba.nacos.client.remote.worker.0] com.alibaba.nacos.common.remote.client - [d5b4a23a-2198-41d4-9137-142d57615c49_config-0] Notify connected event to listeners.
2026-01-20 17:59:53.517 INFO  [com.alibaba.nacos.client.remote.worker.0] com.alibaba.nacos.client.config.impl.ClientWorker - [d5b4a23a-2198-41d4-9137-142d57615c49_config-0] Connected,notify listen context...
2026-01-20 17:59:53.517 INFO  [main] com.alibaba.nacos.common.remote.client - [d5b4a23a-2198-41d4-9137-142d57615c49_config-0] Register server push request handler:com.alibaba.nacos.common.remote.client.RpcClient$ConnectResetRequestHandler
2026-01-20 17:59:53.517 INFO  [main] com.alibaba.nacos.common.remote.client - [d5b4a23a-2198-41d4-9137-142d57615c49_config-0] Register server push request handler:com.alibaba.nacos.common.remote.client.RpcClient$$Lambda/0x0000022e5c4fef98
2026-01-20 17:59:53.548 INFO  [main] com.alibaba.nacos.client.config.impl.Limiter - limitTime:5.0
2026-01-20 17:59:53.571 WARN  [main] c.a.cloud.nacos.client.NacosPropertySourceBuilder - Ignore the empty nacos configuration and get it based on dataId[Coo-auth] & group[DEFAULT_GROUP]
2026-01-20 17:59:53.581 INFO  [main] com.alibaba.nacos.client.config.utils.JvmUtil - isMultiInstance:false
2026-01-20 17:59:53.584 INFO  [main] o.s.c.b.c.PropertySourceBootstrapConfiguration - Located property source: [BootstrapPropertySource {name='bootstrapProperties-Coo-auth.yaml,DEFAULT_GROUP'}, BootstrapPropertySource {name='bootstrapProperties-Coo-auth,DEFAULT_GROUP'}]
2026-01-20 17:59:53.588 INFO  [main] org.foreverempty.cooauth.CooAuthApplication - No active profile set, falling back to 1 default profile: "default"
2026-01-20 17:59:54.096 INFO  [main] o.springframework.cloud.context.scope.GenericScope - BeanFactory id=83629fd3-dd79-3440-bc1f-1c5e3c076c06
2026-01-20 17:59:54.325 INFO  [main] o.s.boot.web.embedded.tomcat.TomcatWebServer - Tomcat initialized with port 8081 (http)
2026-01-20 17:59:54.339 INFO  [main] org.apache.coyote.http11.Http11NioProtocol - Initializing ProtocolHandler ["http-nio-8081"]
2026-01-20 17:59:54.341 INFO  [main] org.apache.catalina.core.StandardService - Starting service [Tomcat]
2026-01-20 17:59:54.342 INFO  [main] org.apache.catalina.core.StandardEngine - Starting Servlet engine: [Apache Tomcat/10.1.50]
2026-01-20 17:59:54.396 INFO  [main] o.a.c.core.ContainerBase.[Tomcat].[localhost].[/] - Initializing Spring embedded WebApplicationContext
2026-01-20 17:59:54.396 INFO  [main] o.s.b.w.s.c.ServletWebServerApplicationContext - Root WebApplicationContext: initialization completed in 795 ms
2026-01-20 17:59:55.163 INFO  [main] org.apache.coyote.http11.Http11NioProtocol - Starting ProtocolHandler ["http-nio-8081"]
2026-01-20 17:59:55.169 INFO  [main] o.s.boot.web.embedded.tomcat.TomcatWebServer - Tomcat started on port 8081 (http) with context path '/'
2026-01-20 17:59:55.173 INFO  [main] com.alibaba.nacos.client.naming - initializer namespace from ans.namespace attribute : null
2026-01-20 17:59:55.174 INFO  [main] com.alibaba.nacos.client.naming - initializer namespace from ALIBABA_ALIWARE_NAMESPACE attribute :null
2026-01-20 17:59:55.174 INFO  [main] com.alibaba.nacos.client.naming - initializer namespace from namespace attribute :null
2026-01-20 17:59:55.179 INFO  [main] com.alibaba.nacos.client.naming - FailoverDataSource type is class com.alibaba.nacos.client.naming.backups.datasource.DiskFailoverDataSource
2026-01-20 17:59:55.182 INFO  [main] c.a.n.p.auth.spi.client.ClientAuthPluginManager - [ClientAuthPluginManager] Load ClientAuthService com.alibaba.nacos.client.auth.impl.NacosClientAuthServiceImpl success.
2026-01-20 17:59:55.182 INFO  [main] c.a.n.p.auth.spi.client.ClientAuthPluginManager - [ClientAuthPluginManager] Load ClientAuthService com.alibaba.nacos.client.auth.ram.RamClientAuthServiceImpl success.
2026-01-20 17:59:55.185 INFO  [main] com.alibaba.nacos.common.remote.client - [RpcClientFactory] create a new rpc client of 73a41fbe-1739-427b-b95f-6088a898333a
2026-01-20 17:59:55.186 INFO  [main] com.alibaba.nacos.client.naming - Create naming rpc client for uuid->73a41fbe-1739-427b-b95f-6088a898333a
2026-01-20 17:59:55.186 INFO  [main] com.alibaba.nacos.common.remote.client - [73a41fbe-1739-427b-b95f-6088a898333a] RpcClient init, ServerListFactory = com.alibaba.nacos.client.naming.core.ServerListManager
2026-01-20 17:59:55.186 INFO  [main] com.alibaba.nacos.common.remote.client - [73a41fbe-1739-427b-b95f-6088a898333a] Registry connection listener to current client:com.alibaba.nacos.client.naming.remote.gprc.redo.NamingGrpcRedoService
2026-01-20 17:59:55.187 INFO  [main] com.alibaba.nacos.common.remote.client - [73a41fbe-1739-427b-b95f-6088a898333a] Register server push request handler:com.alibaba.nacos.client.naming.remote.gprc.NamingPushRequestHandler
2026-01-20 17:59:55.187 INFO  [main] com.alibaba.nacos.common.remote.client - [73a41fbe-1739-427b-b95f-6088a898333a] Try to connect to server on start up, server: {serverIp = '127.0.0.1', server main port = 8848}
2026-01-20 17:59:55.187 INFO  [main] c.a.nacos.common.remote.client.grpc.GrpcClient - grpc client connection server:127.0.0.1 ip,serverPort:9848,grpcTslConfig:{"sslProvider":"","enableTls":false,"mutualAuthEnable":false,"trustAll":false}
2026-01-20 17:59:55.304 INFO  [main] com.alibaba.nacos.common.remote.client - [73a41fbe-1739-427b-b95f-6088a898333a] Success to connect to server [127.0.0.1:8848] on start up, connectionId = 1768903195358_172.19.0.1_43492
2026-01-20 17:59:55.304 INFO  [main] com.alibaba.nacos.common.remote.client - [73a41fbe-1739-427b-b95f-6088a898333a] Register server push request handler:com.alibaba.nacos.common.remote.client.RpcClient$ConnectResetRequestHandler
2026-01-20 17:59:55.304 INFO  [com.alibaba.nacos.client.remote.worker.0] com.alibaba.nacos.common.remote.client - [73a41fbe-1739-427b-b95f-6088a898333a] Notify connected event to listeners.
2026-01-20 17:59:55.304 INFO  [main] com.alibaba.nacos.common.remote.client - [73a41fbe-1739-427b-b95f-6088a898333a] Register server push request handler:com.alibaba.nacos.common.remote.client.RpcClient$$Lambda/0x0000022e5c4fef98
2026-01-20 17:59:55.304 INFO  [com.alibaba.nacos.client.remote.worker.0] com.alibaba.nacos.client.naming - Grpc connection connect
2026-01-20 17:59:55.305 INFO  [main] com.alibaba.nacos.client.naming - [REGISTER-SERVICE] public registering service Coo-auth with instance Instance{instanceId='null', ip='172.25.112.1', port=8081, weight=1.0, healthy=true, enabled=true, ephemeral=true, clusterName='', serviceName='null', metadata={IPv6=null, preserved.register.source=SPRING_CLOUD}}
2026-01-20 17:59:55.317 INFO  [main] c.a.cloud.nacos.registry.NacosServiceRegistry - nacos registry, DEFAULT_GROUP Coo-auth 172.25.112.1:8081 register finished
2026-01-20 17:59:55.332 INFO  [main] org.foreverempty.cooauth.CooAuthApplication - Started CooAuthApplication in 3.336 seconds (process running for 4.283)
2026-01-20 17:59:55.335 INFO  [main] com.alibaba.nacos.client.config.impl.CacheData - config listener notify warn timeout millis use default 60000 millis 
2026-01-20 17:59:55.335 INFO  [main] com.alibaba.nacos.client.config.impl.CacheData - nacos.cache.data.init.snapshot = true 
2026-01-20 17:59:55.343 INFO  [main] com.alibaba.nacos.client.config.impl.ClientWorker - [fixed-127.0.0.1_8848] [subscribe] Coo-auth.yaml+DEFAULT_GROUP
2026-01-20 17:59:55.348 INFO  [main] com.alibaba.nacos.client.config.impl.CacheData - [fixed-127.0.0.1_8848] [add-listener] ok, tenant=, dataId=Coo-auth.yaml, group=DEFAULT_GROUP, cnt=1
2026-01-20 17:59:55.348 INFO  [main] c.a.cloud.nacos.refresh.NacosContextRefresher - [Nacos Config] Listening config: dataId=Coo-auth.yaml, group=DEFAULT_GROUP
2026-01-20 17:59:55.348 INFO  [main] com.alibaba.nacos.client.config.impl.ClientWorker - [fixed-127.0.0.1_8848] [subscribe] Coo-auth+DEFAULT_GROUP
2026-01-20 17:59:55.348 INFO  [main] com.alibaba.nacos.client.config.impl.CacheData - [fixed-127.0.0.1_8848] [add-listener] ok, tenant=, dataId=Coo-auth, group=DEFAULT_GROUP, cnt=1
2026-01-20 17:59:55.348 INFO  [main] c.a.cloud.nacos.refresh.NacosContextRefresher - [Nacos Config] Listening config: dataId=Coo-auth, group=DEFAULT_GROUP
2026-01-20 17:59:55.757 INFO  [main] com.alibaba.nacos.client.utils.ParamUtil - [settings] [req-serv] nacos-server port:8848
2026-01-20 17:59:55.760 INFO  [main] com.alibaba.nacos.client.utils.ParamUtil - [settings] [http-client] connect timeout:1000
2026-01-20 17:59:55.760 INFO  [Thread-2] c.a.n.client.auth.ram.identify.CredentialWatcher - null No credential found
2026-01-20 17:59:55.761 INFO  [main] com.alibaba.nacos.client.utils.ParamUtil - PER_TASK_CONFIG_SIZE: 3000.0
2026-01-20 17:59:55.776 INFO  [main] com.alibaba.nacos.common.labels - DefaultLabelsCollectorManager get labels.....
2026-01-20 17:59:55.776 INFO  [main] com.alibaba.nacos.common.labels - Process LabelsCollector with [name:defaultNacosLabelsCollector]
2026-01-20 17:59:55.776 INFO  [main] com.alibaba.nacos.common.labels - default nacos collect properties raw labels: null
2026-01-20 17:59:55.776 INFO  [main] com.alibaba.nacos.common.labels - default nacos collect properties labels: {}
2026-01-20 17:59:55.776 INFO  [main] com.alibaba.nacos.common.labels - default nacos collect jvm raw labels: null
2026-01-20 17:59:55.776 INFO  [main] com.alibaba.nacos.common.labels - default nacos collect jvm labels: {}
2026-01-20 17:59:55.776 INFO  [main] com.alibaba.nacos.common.labels - default nacos collect env raw labels: null
2026-01-20 17:59:55.776 INFO  [main] com.alibaba.nacos.common.labels - default nacos collect env labels: {}
2026-01-20 17:59:55.777 INFO  [main] com.alibaba.nacos.common.labels - DefaultLabelsCollectorManager get labels finished,labels :{}
2026-01-20 17:59:55.781 INFO  [main] c.a.n.p.auth.spi.client.ClientAuthPluginManager - [ClientAuthPluginManager] Load ClientAuthService com.alibaba.nacos.client.auth.impl.NacosClientAuthServiceImpl success.
2026-01-20 17:59:55.781 INFO  [main] c.a.n.p.auth.spi.client.ClientAuthPluginManager - [ClientAuthPluginManager] Load ClientAuthService com.alibaba.nacos.client.auth.ram.RamClientAuthServiceImpl success.
2026-01-20 17:59:55.784 INFO  [main] c.a.n.client.config.impl.LocalConfigInfoProcessor - LOCAL_SNAPSHOT_PATH:C:\Users\ForeverEmpty\nacos\config
2026-01-20 17:59:55.787 INFO  [main] com.alibaba.nacos.common.remote.client - [RpcClientFactory] create a new rpc client of 190f9f41-0454-4f11-8d76-84d33d947fec_config-0
2026-01-20 17:59:55.799 INFO  [main] com.alibaba.nacos.common.remote.client - [190f9f41-0454-4f11-8d76-84d33d947fec_config-0] Register server push request handler:com.alibaba.nacos.client.config.impl.ClientWorker$ConfigRpcTransportClient$$Lambda/0x00000272573aa7a0
2026-01-20 17:59:55.799 INFO  [main] com.alibaba.nacos.common.remote.client - [190f9f41-0454-4f11-8d76-84d33d947fec_config-0] Register server push request handler:com.alibaba.nacos.client.config.impl.ClientWorker$ConfigRpcTransportClient$$Lambda/0x00000272573aabb0
2026-01-20 17:59:55.799 INFO  [main] com.alibaba.nacos.common.remote.client - [190f9f41-0454-4f11-8d76-84d33d947fec_config-0] Registry connection listener to current client:com.alibaba.nacos.client.config.impl.ClientWorker$ConfigRpcTransportClient$1
2026-01-20 17:59:55.799 INFO  [main] com.alibaba.nacos.common.remote.client - [190f9f41-0454-4f11-8d76-84d33d947fec_config-0] RpcClient init, ServerListFactory = com.alibaba.nacos.client.config.impl.ClientWorker$ConfigRpcTransportClient$2
2026-01-20 17:59:55.803 INFO  [main] com.alibaba.nacos.common.remote.client - [190f9f41-0454-4f11-8d76-84d33d947fec_config-0] Try to connect to server on start up, server: {serverIp = '127.0.0.1', server main port = 8848}
2026-01-20 17:59:55.833 INFO  [main] c.a.nacos.common.remote.client.grpc.GrpcClient - grpc client connection server:127.0.0.1 ip,serverPort:9848,grpcTslConfig:{"sslProvider":"","enableTls":false,"mutualAuthEnable":false,"trustAll":false}
2026-01-20 17:59:56.220 INFO  [main] c.a.n.common.ability.AbstractAbilityControlManager - Ready to get current node abilities...
2026-01-20 17:59:56.221 INFO  [main] c.a.n.common.ability.AbstractAbilityControlManager - Ready to initialize current node abilities, support modes: [SDK_CLIENT]
2026-01-20 17:59:56.222 INFO  [main] c.a.n.common.ability.AbstractAbilityControlManager - Initialize current abilities finish...
2026-01-20 17:59:56.222 INFO  [main] c.a.n.c.ability.discover.NacosAbilityManagerHolder - [AbilityControlManager] Successfully initialize AbilityControlManager
2026-01-20 17:59:56.340 INFO  [main] com.alibaba.nacos.common.remote.client - [190f9f41-0454-4f11-8d76-84d33d947fec_config-0] Success to connect to server [127.0.0.1:8848] on start up, connectionId = 1768903196303_172.19.0.1_43504
2026-01-20 17:59:56.341 INFO  [com.alibaba.nacos.client.remote.worker.0] com.alibaba.nacos.common.remote.client - [190f9f41-0454-4f11-8d76-84d33d947fec_config-0] Notify connected event to listeners.
2026-01-20 17:59:56.341 INFO  [com.alibaba.nacos.client.remote.worker.0] com.alibaba.nacos.client.config.impl.ClientWorker - [190f9f41-0454-4f11-8d76-84d33d947fec_config-0] Connected,notify listen context...
2026-01-20 17:59:56.341 INFO  [main] com.alibaba.nacos.common.remote.client - [190f9f41-0454-4f11-8d76-84d33d947fec_config-0] Register server push request handler:com.alibaba.nacos.common.remote.client.RpcClient$ConnectResetRequestHandler
2026-01-20 17:59:56.342 INFO  [main] com.alibaba.nacos.common.remote.client - [190f9f41-0454-4f11-8d76-84d33d947fec_config-0] Register server push request handler:com.alibaba.nacos.common.remote.client.RpcClient$$Lambda/0x00000272574ff1e8
2026-01-20 17:59:56.376 INFO  [main] com.alibaba.nacos.client.config.impl.Limiter - limitTime:5.0
2026-01-20 17:59:56.391 WARN  [main] c.a.cloud.nacos.client.NacosPropertySourceBuilder - Ignore the empty nacos configuration and get it based on dataId[Coo-file] & group[DEFAULT_GROUP]
2026-01-20 17:59:56.400 INFO  [main] com.alibaba.nacos.client.config.utils.JvmUtil - isMultiInstance:false
2026-01-20 17:59:56.405 INFO  [main] o.s.c.b.c.PropertySourceBootstrapConfiguration - Located property source: [BootstrapPropertySource {name='bootstrapProperties-Coo-file.yaml,DEFAULT_GROUP'}, BootstrapPropertySource {name='bootstrapProperties-Coo-file,DEFAULT_GROUP'}]
2026-01-20 17:59:56.409 INFO  [main] org.foreverempty.coofile.CooFileApplication - No active profile set, falling back to 1 default profile: "default"
2026-01-20 17:59:56.737 INFO  [main] o.springframework.cloud.context.scope.GenericScope - BeanFactory id=02526e6a-6e6e-3f45-bf05-85fb5eed1e98
2026-01-20 17:59:56.876 INFO  [main] o.s.boot.web.embedded.tomcat.TomcatWebServer - Tomcat initialized with port 8082 (http)
2026-01-20 17:59:56.885 INFO  [main] org.apache.coyote.http11.Http11NioProtocol - Initializing ProtocolHandler ["http-nio-8082"]
2026-01-20 17:59:56.886 INFO  [main] org.apache.catalina.core.StandardService - Starting service [Tomcat]
2026-01-20 17:59:56.886 INFO  [main] org.apache.catalina.core.StandardEngine - Starting Servlet engine: [Apache Tomcat/10.1.50]
2026-01-20 17:59:56.920 INFO  [main] o.a.c.core.ContainerBase.[Tomcat].[localhost].[/] - Initializing Spring embedded WebApplicationContext
2026-01-20 17:59:56.921 INFO  [main] o.s.b.w.s.c.ServletWebServerApplicationContext - Root WebApplicationContext: initialization completed in 504 ms
2026-01-20 17:59:57.303 INFO  [main] org.apache.coyote.http11.Http11NioProtocol - Starting ProtocolHandler ["http-nio-8082"]
2026-01-20 17:59:57.307 INFO  [main] o.s.boot.web.embedded.tomcat.TomcatWebServer - Tomcat started on port 8082 (http) with context path '/'
2026-01-20 17:59:57.311 INFO  [main] com.alibaba.nacos.client.naming - initializer namespace from ans.namespace attribute : null
2026-01-20 17:59:57.311 INFO  [main] com.alibaba.nacos.client.naming - initializer namespace from ALIBABA_ALIWARE_NAMESPACE attribute :null
2026-01-20 17:59:57.311 INFO  [main] com.alibaba.nacos.client.naming - initializer namespace from namespace attribute :null
2026-01-20 17:59:57.315 INFO  [main] com.alibaba.nacos.client.naming - FailoverDataSource type is class com.alibaba.nacos.client.naming.backups.datasource.DiskFailoverDataSource
2026-01-20 17:59:57.317 INFO  [main] c.a.n.p.auth.spi.client.ClientAuthPluginManager - [ClientAuthPluginManager] Load ClientAuthService com.alibaba.nacos.client.auth.impl.NacosClientAuthServiceImpl success.
2026-01-20 17:59:57.317 INFO  [main] c.a.n.p.auth.spi.client.ClientAuthPluginManager - [ClientAuthPluginManager] Load ClientAuthService com.alibaba.nacos.client.auth.ram.RamClientAuthServiceImpl success.
2026-01-20 17:59:57.320 INFO  [main] com.alibaba.nacos.common.remote.client - [RpcClientFactory] create a new rpc client of 8c762502-e9a4-428d-8f58-ce2eafcf0d3d
2026-01-20 17:59:57.321 INFO  [main] com.alibaba.nacos.client.naming - Create naming rpc client for uuid->8c762502-e9a4-428d-8f58-ce2eafcf0d3d
2026-01-20 17:59:57.321 INFO  [main] com.alibaba.nacos.common.remote.client - [8c762502-e9a4-428d-8f58-ce2eafcf0d3d] RpcClient init, ServerListFactory = com.alibaba.nacos.client.naming.core.ServerListManager
2026-01-20 17:59:57.321 INFO  [main] com.alibaba.nacos.common.remote.client - [8c762502-e9a4-428d-8f58-ce2eafcf0d3d] Registry connection listener to current client:com.alibaba.nacos.client.naming.remote.gprc.redo.NamingGrpcRedoService
2026-01-20 17:59:57.321 INFO  [main] com.alibaba.nacos.common.remote.client - [8c762502-e9a4-428d-8f58-ce2eafcf0d3d] Register server push request handler:com.alibaba.nacos.client.naming.remote.gprc.NamingPushRequestHandler
2026-01-20 17:59:57.321 INFO  [main] com.alibaba.nacos.common.remote.client - [8c762502-e9a4-428d-8f58-ce2eafcf0d3d] Try to connect to server on start up, server: {serverIp = '127.0.0.1', server main port = 8848}
2026-01-20 17:59:57.321 INFO  [main] c.a.nacos.common.remote.client.grpc.GrpcClient - grpc client connection server:127.0.0.1 ip,serverPort:9848,grpcTslConfig:{"sslProvider":"","enableTls":false,"mutualAuthEnable":false,"trustAll":false}
2026-01-20 17:59:57.435 INFO  [main] com.alibaba.nacos.common.remote.client - [8c762502-e9a4-428d-8f58-ce2eafcf0d3d] Success to connect to server [127.0.0.1:8848] on start up, connectionId = 1768903197505_172.19.0.1_43516
2026-01-20 17:59:57.435 INFO  [main] com.alibaba.nacos.common.remote.client - [8c762502-e9a4-428d-8f58-ce2eafcf0d3d] Register server push request handler:com.alibaba.nacos.common.remote.client.RpcClient$ConnectResetRequestHandler
2026-01-20 17:59:57.435 INFO  [com.alibaba.nacos.client.remote.worker.0] com.alibaba.nacos.common.remote.client - [8c762502-e9a4-428d-8f58-ce2eafcf0d3d] Notify connected event to listeners.
2026-01-20 17:59:57.435 INFO  [main] com.alibaba.nacos.common.remote.client - [8c762502-e9a4-428d-8f58-ce2eafcf0d3d] Register server push request handler:com.alibaba.nacos.common.remote.client.RpcClient$$Lambda/0x00000272574ff1e8
2026-01-20 17:59:57.435 INFO  [com.alibaba.nacos.client.remote.worker.0] com.alibaba.nacos.client.naming - Grpc connection connect
2026-01-20 17:59:57.436 INFO  [main] com.alibaba.nacos.client.naming - [REGISTER-SERVICE] public registering service Coo-file with instance Instance{instanceId='null', ip='172.25.112.1', port=8082, weight=1.0, healthy=true, enabled=true, ephemeral=true, clusterName='', serviceName='null', metadata={IPv6=null, preserved.register.source=SPRING_CLOUD}}
2026-01-20 17:59:57.450 INFO  [main] c.a.cloud.nacos.registry.NacosServiceRegistry - nacos registry, DEFAULT_GROUP Coo-file 172.25.112.1:8082 register finished
2026-01-20 17:59:57.462 INFO  [main] org.foreverempty.coofile.CooFileApplication - Started CooFileApplication in 2.404 seconds (process running for 3.087)
2026-01-20 17:59:57.466 INFO  [main] com.alibaba.nacos.client.config.impl.CacheData - config listener notify warn timeout millis use default 60000 millis 
2026-01-20 17:59:57.466 INFO  [main] com.alibaba.nacos.client.config.impl.CacheData - nacos.cache.data.init.snapshot = true 
2026-01-20 17:59:57.466 INFO  [main] com.alibaba.nacos.client.config.impl.ClientWorker - [fixed-127.0.0.1_8848] [subscribe] Coo-file+DEFAULT_GROUP
2026-01-20 17:59:57.472 INFO  [main] com.alibaba.nacos.client.config.impl.CacheData - [fixed-127.0.0.1_8848] [add-listener] ok, tenant=, dataId=Coo-file, group=DEFAULT_GROUP, cnt=1
2026-01-20 17:59:57.472 INFO  [main] c.a.cloud.nacos.refresh.NacosContextRefresher - [Nacos Config] Listening config: dataId=Coo-file, group=DEFAULT_GROUP
2026-01-20 17:59:57.473 INFO  [main] com.alibaba.nacos.client.config.impl.ClientWorker - [fixed-127.0.0.1_8848] [subscribe] Coo-file.yaml+DEFAULT_GROUP
2026-01-20 17:59:57.473 INFO  [main] com.alibaba.nacos.client.config.impl.CacheData - [fixed-127.0.0.1_8848] [add-listener] ok, tenant=, dataId=Coo-file.yaml, group=DEFAULT_GROUP, cnt=1
2026-01-20 17:59:57.473 INFO  [main] c.a.cloud.nacos.refresh.NacosContextRefresher - [Nacos Config] Listening config: dataId=Coo-file.yaml, group=DEFAULT_GROUP
2026-01-20 18:00:58.455 INFO  [tomcat-handler-0] o.a.c.core.ContainerBase.[Tomcat].[localhost].[/] - Initializing Spring DispatcherServlet 'dispatcherServlet'
2026-01-20 18:00:58.455 INFO  [tomcat-handler-0] org.springframework.web.servlet.DispatcherServlet - Initializing Servlet 'dispatcherServlet'
2026-01-20 18:00:58.456 INFO  [tomcat-handler-0] org.springframework.web.servlet.DispatcherServlet - Completed initialization in 1 ms
2026-01-20 18:00:58.562 INFO  [tomcat-handler-0] com.zaxxer.hikari.HikariDataSource - HikariPool-1 - Starting...
2026-01-20 18:00:58.881 INFO  [tomcat-handler-0] com.zaxxer.hikari.pool.HikariPool - HikariPool-1 - Added connection com.mysql.cj.jdbc.ConnectionImpl@4f2793c5
2026-01-20 18:00:58.882 INFO  [tomcat-handler-0] com.zaxxer.hikari.HikariDataSource - HikariPool-1 - Start completed.
2026-01-20 18:11:05.140 WARN  [Thread-3] c.alibaba.nacos.common.http.HttpClientBeanHolder - [HttpClientBeanHolder] Start destroying common HttpClient
2026-01-20 18:11:05.140 WARN  [Thread-5] com.alibaba.nacos.common.notify.NotifyCenter - [NotifyCenter] Start destroying Publisher
2026-01-20 18:11:05.140 WARN  [Thread-5] com.alibaba.nacos.common.notify.NotifyCenter - [NotifyCenter] Destruction of the end
2026-01-20 18:11:05.141 WARN  [Thread-3] c.alibaba.nacos.common.http.HttpClientBeanHolder - [HttpClientBeanHolder] Destruction of the end
2026-01-20 18:11:05.143 INFO  [SpringApplicationShutdownHook] o.s.boot.web.embedded.tomcat.GracefulShutdown - Commencing graceful shutdown. Waiting for active requests to complete
2026-01-20 18:11:05.148 INFO  [tomcat-shutdown] o.s.boot.web.embedded.tomcat.GracefulShutdown - Graceful shutdown complete
2026-01-20 18:11:05.150 INFO  [SpringApplicationShutdownHook] c.a.cloud.nacos.registry.NacosServiceRegistry - De-registering from Nacos Server now...
2026-01-20 18:11:05.150 INFO  [SpringApplicationShutdownHook] com.alibaba.nacos.client.naming - [DEREGISTER-SERVICE] public deregistering service Coo-auth with instance: Instance{instanceId='null', ip='172.25.112.1', port=8081, weight=1.0, healthy=true, enabled=true, ephemeral=true, clusterName='', serviceName='null', metadata={}}
2026-01-20 18:11:05.157 INFO  [SpringApplicationShutdownHook] c.a.cloud.nacos.registry.NacosServiceRegistry - De-registration finished.
2026-01-20 18:11:05.157 INFO  [SpringApplicationShutdownHook] com.alibaba.nacos.client.naming - com.alibaba.nacos.client.naming.cache.ServiceInfoHolder do shutdown begin
2026-01-20 18:11:05.157 INFO  [SpringApplicationShutdownHook] com.alibaba.nacos.client.naming - com.alibaba.nacos.client.naming.backups.FailoverReactor do shutdown begin
2026-01-20 18:11:05.158 INFO  [SpringApplicationShutdownHook] com.alibaba.nacos.client.naming - com.alibaba.nacos.client.naming.backups.FailoverReactor do shutdown stop
2026-01-20 18:11:05.158 INFO  [SpringApplicationShutdownHook] com.alibaba.nacos.client.naming - com.alibaba.nacos.client.naming.cache.ServiceInfoHolder do shutdown stop
2026-01-20 18:11:05.158 INFO  [SpringApplicationShutdownHook] com.alibaba.nacos.client.naming - com.alibaba.nacos.client.naming.remote.NamingClientProxyDelegate do shutdown begin
2026-01-20 18:11:05.158 INFO  [SpringApplicationShutdownHook] com.alibaba.nacos.client.naming - com.alibaba.nacos.client.naming.core.ServiceInfoUpdateService do shutdown begin
2026-01-20 18:11:05.158 INFO  [SpringApplicationShutdownHook] com.alibaba.nacos.client.naming - com.alibaba.nacos.client.naming.core.ServiceInfoUpdateService do shutdown stop
2026-01-20 18:11:05.159 INFO  [SpringApplicationShutdownHook] com.alibaba.nacos.client.naming - com.alibaba.nacos.client.naming.core.ServerListManager do shutdown begin
2026-01-20 18:11:05.159 WARN  [SpringApplicationShutdownHook] com.alibaba.nacos.client.naming - [NamingHttpClientManager] Start destroying NacosRestTemplate
2026-01-20 18:11:05.159 WARN  [SpringApplicationShutdownHook] com.alibaba.nacos.client.naming - [NamingHttpClientManager] Destruction of the end
2026-01-20 18:11:05.159 INFO  [SpringApplicationShutdownHook] com.alibaba.nacos.client.naming - com.alibaba.nacos.client.naming.core.ServerListManager do shutdown stop
2026-01-20 18:11:05.159 INFO  [SpringApplicationShutdownHook] com.alibaba.nacos.client.naming - com.alibaba.nacos.client.naming.remote.http.NamingHttpClientProxy do shutdown begin
2026-01-20 18:11:05.159 WARN  [SpringApplicationShutdownHook] com.alibaba.nacos.client.naming - [NamingHttpClientManager] Start destroying NacosRestTemplate
2026-01-20 18:11:05.159 WARN  [SpringApplicationShutdownHook] com.alibaba.nacos.client.naming - [NamingHttpClientManager] Destruction of the end
2026-01-20 18:11:05.159 INFO  [SpringApplicationShutdownHook] com.alibaba.nacos.client.naming - com.alibaba.nacos.client.naming.remote.http.NamingHttpClientProxy do shutdown stop
2026-01-20 18:11:05.159 INFO  [SpringApplicationShutdownHook] com.alibaba.nacos.client.naming - Shutdown naming grpc client proxy for  uuid->73a41fbe-1739-427b-b95f-6088a898333a
2026-01-20 18:11:05.159 INFO  [SpringApplicationShutdownHook] com.alibaba.nacos.client.naming - Shutdown grpc redo service executor java.util.concurrent.ScheduledThreadPoolExecutor@391b01c5[Running, pool size = 1, active threads = 0, queued tasks = 1, completed tasks = 222]
2026-01-20 18:11:05.159 INFO  [SpringApplicationShutdownHook] com.alibaba.nacos.common.remote.client - Shutdown rpc client, set status to shutdown
2026-01-20 18:11:05.159 INFO  [SpringApplicationShutdownHook] com.alibaba.nacos.common.remote.client - Shutdown client event executor java.util.concurrent.ScheduledThreadPoolExecutor@5151accb[Running, pool size = 2, active threads = 2, queued tasks = 0, completed tasks = 0]
2026-01-20 18:11:05.159 INFO  [SpringApplicationShutdownHook] com.alibaba.nacos.common.remote.client - Close current connection 1768903195358_172.19.0.1_43492
2026-01-20 18:11:05.161 WARN  [nacos-grpc-client-executor-127.0.0.1-154] c.a.nacos.common.remote.client.grpc.GrpcClient - [1768903195358_172.19.0.1_43492]Ignore error event,isRunning:false,isAbandon=false
2026-01-20 18:11:05.163 INFO  [SpringApplicationShutdownHook] c.a.nacos.common.remote.client.grpc.GrpcClient - Shutdown grpc executor java.util.concurrent.ThreadPoolExecutor@418d1c03[Running, pool size = 4, active threads = 0, queued tasks = 0, completed tasks = 155]
2026-01-20 18:11:05.163 INFO  [SpringApplicationShutdownHook] com.alibaba.nacos.client.naming - shutdown and remove naming rpc client  for uuid ->73a41fbe-1739-427b-b95f-6088a898333a
2026-01-20 18:11:05.163 INFO  [SpringApplicationShutdownHook] c.a.n.client.auth.ram.identify.CredentialWatcher - [null] CredentialWatcher is stopped
2026-01-20 18:11:05.163 INFO  [SpringApplicationShutdownHook] c.a.n.client.auth.ram.identify.CredentialService - [null] CredentialService is freed
2026-01-20 18:11:05.163 INFO  [SpringApplicationShutdownHook] com.alibaba.nacos.client.naming - com.alibaba.nacos.client.naming.remote.NamingClientProxyDelegate do shutdown stop
2026-01-20 18:11:05.164 INFO  [SpringApplicationShutdownHook] com.zaxxer.hikari.HikariDataSource - HikariPool-1 - Shutdown initiated...
2026-01-20 18:11:05.169 INFO  [SpringApplicationShutdownHook] com.zaxxer.hikari.HikariDataSource - HikariPool-1 - Shutdown completed.
2026-01-20 18:11:06.435 WARN  [Thread-3] c.alibaba.nacos.common.http.HttpClientBeanHolder - [HttpClientBeanHolder] Start destroying common HttpClient
2026-01-20 18:11:06.435 WARN  [Thread-5] com.alibaba.nacos.common.notify.NotifyCenter - [NotifyCenter] Start destroying Publisher
2026-01-20 18:11:06.435 WARN  [Thread-5] com.alibaba.nacos.common.notify.NotifyCenter - [NotifyCenter] Destruction of the end
2026-01-20 18:11:06.436 WARN  [Thread-3] c.alibaba.nacos.common.http.HttpClientBeanHolder - [HttpClientBeanHolder] Destruction of the end
2026-01-20 18:11:06.438 INFO  [SpringApplicationShutdownHook] o.s.boot.web.embedded.tomcat.GracefulShutdown - Commencing graceful shutdown. Waiting for active requests to complete
2026-01-20 18:11:06.443 INFO  [tomcat-shutdown] o.s.boot.web.embedded.tomcat.GracefulShutdown - Graceful shutdown complete
2026-01-20 18:11:06.445 INFO  [SpringApplicationShutdownHook] c.a.cloud.nacos.registry.NacosServiceRegistry - De-registering from Nacos Server now...
2026-01-20 18:11:06.445 INFO  [SpringApplicationShutdownHook] com.alibaba.nacos.client.naming - [DEREGISTER-SERVICE] public deregistering service Coo-file with instance: Instance{instanceId='null', ip='172.25.112.1', port=8082, weight=1.0, healthy=true, enabled=true, ephemeral=true, clusterName='', serviceName='null', metadata={}}
2026-01-20 18:11:06.449 INFO  [SpringApplicationShutdownHook] c.a.cloud.nacos.registry.NacosServiceRegistry - De-registration finished.
2026-01-20 18:11:06.449 INFO  [SpringApplicationShutdownHook] com.alibaba.nacos.client.naming - com.alibaba.nacos.client.naming.cache.ServiceInfoHolder do shutdown begin
2026-01-20 18:11:06.449 INFO  [SpringApplicationShutdownHook] com.alibaba.nacos.client.naming - com.alibaba.nacos.client.naming.backups.FailoverReactor do shutdown begin
2026-01-20 18:11:06.450 INFO  [SpringApplicationShutdownHook] com.alibaba.nacos.client.naming - com.alibaba.nacos.client.naming.backups.FailoverReactor do shutdown stop
2026-01-20 18:11:06.450 INFO  [SpringApplicationShutdownHook] com.alibaba.nacos.client.naming - com.alibaba.nacos.client.naming.cache.ServiceInfoHolder do shutdown stop
2026-01-20 18:11:06.450 INFO  [SpringApplicationShutdownHook] com.alibaba.nacos.client.naming - com.alibaba.nacos.client.naming.remote.NamingClientProxyDelegate do shutdown begin
2026-01-20 18:11:06.450 INFO  [SpringApplicationShutdownHook] com.alibaba.nacos.client.naming - com.alibaba.nacos.client.naming.core.ServiceInfoUpdateService do shutdown begin
2026-01-20 18:11:06.450 INFO  [SpringApplicationShutdownHook] com.alibaba.nacos.client.naming - com.alibaba.nacos.client.naming.core.ServiceInfoUpdateService do shutdown stop
2026-01-20 18:11:06.450 INFO  [SpringApplicationShutdownHook] com.alibaba.nacos.client.naming - com.alibaba.nacos.client.naming.core.ServerListManager do shutdown begin
2026-01-20 18:11:06.450 WARN  [SpringApplicationShutdownHook] com.alibaba.nacos.client.naming - [NamingHttpClientManager] Start destroying NacosRestTemplate
2026-01-20 18:11:06.450 WARN  [SpringApplicationShutdownHook] com.alibaba.nacos.client.naming - [NamingHttpClientManager] Destruction of the end
2026-01-20 18:11:06.450 INFO  [SpringApplicationShutdownHook] com.alibaba.nacos.client.naming - com.alibaba.nacos.client.naming.core.ServerListManager do shutdown stop
2026-01-20 18:11:06.450 INFO  [SpringApplicationShutdownHook] com.alibaba.nacos.client.naming - com.alibaba.nacos.client.naming.remote.http.NamingHttpClientProxy do shutdown begin
2026-01-20 18:11:06.450 WARN  [SpringApplicationShutdownHook] com.alibaba.nacos.client.naming - [NamingHttpClientManager] Start destroying NacosRestTemplate
2026-01-20 18:11:06.450 WARN  [SpringApplicationShutdownHook] com.alibaba.nacos.client.naming - [NamingHttpClientManager] Destruction of the end
2026-01-20 18:11:06.450 INFO  [SpringApplicationShutdownHook] com.alibaba.nacos.client.naming - com.alibaba.nacos.client.naming.remote.http.NamingHttpClientProxy do shutdown stop
2026-01-20 18:11:06.450 INFO  [SpringApplicationShutdownHook] com.alibaba.nacos.client.naming - Shutdown naming grpc client proxy for  uuid->8c762502-e9a4-428d-8f58-ce2eafcf0d3d
2026-01-20 18:11:06.450 INFO  [SpringApplicationShutdownHook] com.alibaba.nacos.client.naming - Shutdown grpc redo service executor java.util.concurrent.ScheduledThreadPoolExecutor@28e91f6d[Running, pool size = 1, active threads = 0, queued tasks = 1, completed tasks = 222]
2026-01-20 18:11:06.450 INFO  [SpringApplicationShutdownHook] com.alibaba.nacos.common.remote.client - Shutdown rpc client, set status to shutdown
2026-01-20 18:11:06.450 INFO  [SpringApplicationShutdownHook] com.alibaba.nacos.common.remote.client - Shutdown client event executor java.util.concurrent.ScheduledThreadPoolExecutor@56f84c9b[Running, pool size = 2, active threads = 2, queued tasks = 0, completed tasks = 0]
2026-01-20 18:11:06.450 INFO  [SpringApplicationShutdownHook] com.alibaba.nacos.common.remote.client - Close current connection 1768903197505_172.19.0.1_43516
2026-01-20 18:11:06.453 WARN  [nacos-grpc-client-executor-127.0.0.1-154] c.a.nacos.common.remote.client.grpc.GrpcClient - [1768903197505_172.19.0.1_43516]Ignore error event,isRunning:false,isAbandon=false
2026-01-20 18:11:06.453 INFO  [SpringApplicationShutdownHook] c.a.nacos.common.remote.client.grpc.GrpcClient - Shutdown grpc executor java.util.concurrent.ThreadPoolExecutor@5bad555b[Running, pool size = 4, active threads = 0, queued tasks = 0, completed tasks = 155]
2026-01-20 18:11:06.453 INFO  [SpringApplicationShutdownHook] com.alibaba.nacos.client.naming - shutdown and remove naming rpc client  for uuid ->8c762502-e9a4-428d-8f58-ce2eafcf0d3d
2026-01-20 18:11:06.454 INFO  [SpringApplicationShutdownHook] c.a.n.client.auth.ram.identify.CredentialWatcher - [null] CredentialWatcher is stopped
2026-01-20 18:11:06.454 INFO  [SpringApplicationShutdownHook] c.a.n.client.auth.ram.identify.CredentialService - [null] CredentialService is freed
2026-01-20 18:11:06.454 INFO  [SpringApplicationShutdownHook] com.alibaba.nacos.client.naming - com.alibaba.nacos.client.naming.remote.NamingClientProxyDelegate do shutdown stop
